// Jest Snapshot v1, https://goo.gl/fbAQLP

exports[`Component render - default and after clicking button 1`] = `
<div>
  <div
    id="divConfigurationWarning"
  >
    <div
      className="alert alert-danger"
    >
      <strong>
        Careful:
      </strong>
       These settings are intended to be changed by system administrators. Incorrect settings can cause the entire platform to stop working 
      <strong>
        for all users
      </strong>
      .
    </div>
    <button
      className="btn btn-block btn-danger"
      id="btnAcceptConfigurationWarning"
      onClick={[Function]}
    >
      I understand, take me to the configuration editor
    </button>
  </div>
</div>
`;

exports[`Component render - default and after clicking button 2`] = `
<div>
  <div>
    <ul
      className="nav nav-tabs"
      style={
        Object {
          "marginBottom": "10px",
        }
      }
    >
      <li
        className="nav-item"
        onClick={[Function]}
      >
        <a
          className="nav-link active"
          href="#"
        >
          Settings
        </a>
      </li>
      <li
        className="nav-item"
        onClick={[Function]}
      >
        <a
          className="nav-link "
          href="#"
        >
          Asset Manager
        </a>
      </li>
      <li
        className="nav-item"
        onClick={[Function]}
      >
        <a
          className="nav-link "
          href="#"
        >
          Stylesheets
        </a>
      </li>
    </ul>
    <Component
      id="compSettingsEditor"
    />
  </div>
</div>
`;
