// Jest Snapshot v1, https://goo.gl/fbAQLP

exports[`Default render and tab navigation 1`] = `
<div
  className="container pt-5 pb-5"
>
  <h2>
    RFP Plans
  </h2>
  <ul
    className="nav nav-tabs mb-3"
  >
    <li
      className="nav-item"
      key="LIST_PLANS"
    >
      <a
        className="nav-link active"
        href="#"
        id="rfpStatusTab_LIST_PLANS"
        onClick={[Function]}
      >
        List all plans
      </a>
    </li>
    <li
      className="nav-item"
      key="SUBMIT_RFP"
    >
      <a
        className="nav-link "
        href="#"
        id="rfpStatusTab_SUBMIT_RFP"
        onClick={[Function]}
      >
        Submit RFP
      </a>
    </li>
    <li
      className="nav-item"
      key="MANAGE_RFP_TEMPLATES"
    >
      <a
        className="nav-link "
        href="#"
        id="rfpStatusTab_MANAGE_RFP_TEMPLATES"
        onClick={[Function]}
      >
        Manage RFP templates
      </a>
    </li>
  </ul>
  <Component />
</div>
`;

exports[`Default render and tab navigation 2`] = `
<div
  className="container pt-5 pb-5"
>
  <h2>
    RFP Plans
  </h2>
  <ul
    className="nav nav-tabs mb-3"
  >
    <li
      className="nav-item"
      key="LIST_PLANS"
    >
      <a
        className="nav-link active"
        href="#"
        id="rfpStatusTab_LIST_PLANS"
        onClick={[Function]}
      >
        List all plans
      </a>
    </li>
    <li
      className="nav-item"
      key="SUBMIT_RFP"
    >
      <a
        className="nav-link "
        href="#"
        id="rfpStatusTab_SUBMIT_RFP"
        onClick={[Function]}
      >
        Submit RFP
      </a>
    </li>
    <li
      className="nav-item"
      key="MANAGE_RFP_TEMPLATES"
    >
      <a
        className="nav-link "
        href="#"
        id="rfpStatusTab_MANAGE_RFP_TEMPLATES"
        onClick={[Function]}
      >
        Manage RFP templates
      </a>
    </li>
  </ul>
  <Component />
</div>
`;

exports[`Default render and tab navigation 3`] = `
<div
  className="container pt-5 pb-5"
>
  <h2>
    RFP Plans
  </h2>
  <ul
    className="nav nav-tabs mb-3"
  >
    <li
      className="nav-item"
      key="LIST_PLANS"
    >
      <a
        className="nav-link active"
        href="#"
        id="rfpStatusTab_LIST_PLANS"
        onClick={[Function]}
      >
        List all plans
      </a>
    </li>
    <li
      className="nav-item"
      key="SUBMIT_RFP"
    >
      <a
        className="nav-link "
        href="#"
        id="rfpStatusTab_SUBMIT_RFP"
        onClick={[Function]}
      >
        Submit RFP
      </a>
    </li>
    <li
      className="nav-item"
      key="MANAGE_RFP_TEMPLATES"
    >
      <a
        className="nav-link "
        href="#"
        id="rfpStatusTab_MANAGE_RFP_TEMPLATES"
        onClick={[Function]}
      >
        Manage RFP templates
      </a>
    </li>
  </ul>
  <Component />
</div>
`;

exports[`Default render and tab navigation 4`] = `
<div
  className="container pt-5 pb-5"
>
  <h2>
    RFP Plans
  </h2>
  <ul
    className="nav nav-tabs mb-3"
  >
    <li
      className="nav-item"
      key="LIST_PLANS"
    >
      <a
        className="nav-link active"
        href="#"
        id="rfpStatusTab_LIST_PLANS"
        onClick={[Function]}
      >
        List all plans
      </a>
    </li>
    <li
      className="nav-item"
      key="SUBMIT_RFP"
    >
      <a
        className="nav-link "
        href="#"
        id="rfpStatusTab_SUBMIT_RFP"
        onClick={[Function]}
      >
        Submit RFP
      </a>
    </li>
    <li
      className="nav-item"
      key="MANAGE_RFP_TEMPLATES"
    >
      <a
        className="nav-link "
        href="#"
        id="rfpStatusTab_MANAGE_RFP_TEMPLATES"
        onClick={[Function]}
      >
        Manage RFP templates
      </a>
    </li>
  </ul>
  <Component />
</div>
`;
