// Jest Snapshot v1, https://goo.gl/fbAQLP

exports[`Click delete report 1`] = `
<div
  id="divReportsList"
>
  <table
    className="table table-sm table-striped"
  >
    <thead>
      <tr>
        <th>
          Report Type
        </th>
        <th>
          Name
        </th>
        <th>
          Actions
        </th>
      </tr>
    </thead>
    <tbody>
      <tr
        key="1"
      >
        <td>
          GENERAL
        </td>
        <td>
          plan_report
        </td>
        <td>
          <button
            className="btn btn-primary"
            id="btnEditReport1"
            onClick={[Function]}
          >
            <i
              className="fa fa-edit"
            />
             Edit
          </button>
          <button
            className="btn btn-danger"
            id="btnDeleteReport1"
            onClick={[Function]}
          >
            <i
              className="fa fa-trash-alt"
            />
             Delete
          </button>
        </td>
      </tr>
      <tr
        key="2"
      >
        <td>
          GENERAL
        </td>
        <td>
          Planned Equipment Elements
        </td>
        <td>
          <button
            className="btn btn-primary"
            id="btnEditReport2"
            onClick={[Function]}
          >
            <i
              className="fa fa-edit"
            />
             Edit
          </button>
          <button
            className="btn btn-danger"
            id="btnDeleteReport2"
            onClick={[Function]}
          >
            <i
              className="fa fa-trash-alt"
            />
             Delete
          </button>
        </td>
      </tr>
      <tr
        key="3"
      >
        <td>
          GENERAL
        </td>
        <td>
          Planned Fiber Elements
        </td>
        <td>
          <button
            className="btn btn-primary"
            id="btnEditReport3"
            onClick={[Function]}
          >
            <i
              className="fa fa-edit"
            />
             Edit
          </button>
          <button
            className="btn btn-danger"
            id="btnDeleteReport3"
            onClick={[Function]}
          >
            <i
              className="fa fa-trash-alt"
            />
             Delete
          </button>
        </td>
      </tr>
    </tbody>
  </table>
</div>
`;

exports[`Click delete report 2`] = `
<div
  id="divReportsList"
>
  <table
    className="table table-sm table-striped"
  >
    <thead>
      <tr>
        <th>
          Report Type
        </th>
        <th>
          Name
        </th>
        <th>
          Actions
        </th>
      </tr>
    </thead>
    <tbody>
      <tr
        key="1"
      >
        <td>
          GENERAL
        </td>
        <td>
          plan_report
        </td>
        <td>
          <button
            className="btn btn-primary"
            id="btnEditReport1"
            onClick={[Function]}
          >
            <i
              className="fa fa-edit"
            />
             Edit
          </button>
          <button
            className="btn btn-danger"
            id="btnDeleteReport1"
            onClick={[Function]}
          >
            <i
              className="fa fa-trash-alt"
            />
             Delete
          </button>
        </td>
      </tr>
      <tr
        key="2"
      >
        <td>
          GENERAL
        </td>
        <td>
          Planned Equipment Elements
        </td>
        <td>
          <button
            className="btn btn-primary"
            id="btnEditReport2"
            onClick={[Function]}
          >
            <i
              className="fa fa-edit"
            />
             Edit
          </button>
          <button
            className="btn btn-danger"
            id="btnDeleteReport2"
            onClick={[Function]}
          >
            <i
              className="fa fa-trash-alt"
            />
             Delete
          </button>
        </td>
      </tr>
      <tr
        key="3"
      >
        <td>
          GENERAL
        </td>
        <td>
          Planned Fiber Elements
        </td>
        <td>
          <button
            className="btn btn-primary"
            id="btnEditReport3"
            onClick={[Function]}
          >
            <i
              className="fa fa-edit"
            />
             Edit
          </button>
          <button
            className="btn btn-danger"
            id="btnDeleteReport3"
            onClick={[Function]}
          >
            <i
              className="fa fa-trash-alt"
            />
             Delete
          </button>
        </td>
      </tr>
    </tbody>
  </table>
</div>
`;

exports[`Click edit report 1`] = `
<div
  id="divReportsList"
>
  <table
    className="table table-sm table-striped"
  >
    <thead>
      <tr>
        <th>
          Report Type
        </th>
        <th>
          Name
        </th>
        <th>
          Actions
        </th>
      </tr>
    </thead>
    <tbody>
      <tr
        key="1"
      >
        <td>
          GENERAL
        </td>
        <td>
          plan_report
        </td>
        <td>
          <button
            className="btn btn-primary"
            id="btnEditReport1"
            onClick={[Function]}
          >
            <i
              className="fa fa-edit"
            />
             Edit
          </button>
          <button
            className="btn btn-danger"
            id="btnDeleteReport1"
            onClick={[Function]}
          >
            <i
              className="fa fa-trash-alt"
            />
             Delete
          </button>
        </td>
      </tr>
      <tr
        key="2"
      >
        <td>
          GENERAL
        </td>
        <td>
          Planned Equipment Elements
        </td>
        <td>
          <button
            className="btn btn-primary"
            id="btnEditReport2"
            onClick={[Function]}
          >
            <i
              className="fa fa-edit"
            />
             Edit
          </button>
          <button
            className="btn btn-danger"
            id="btnDeleteReport2"
            onClick={[Function]}
          >
            <i
              className="fa fa-trash-alt"
            />
             Delete
          </button>
        </td>
      </tr>
      <tr
        key="3"
      >
        <td>
          GENERAL
        </td>
        <td>
          Planned Fiber Elements
        </td>
        <td>
          <button
            className="btn btn-primary"
            id="btnEditReport3"
            onClick={[Function]}
          >
            <i
              className="fa fa-edit"
            />
             Edit
          </button>
          <button
            className="btn btn-danger"
            id="btnDeleteReport3"
            onClick={[Function]}
          >
            <i
              className="fa fa-trash-alt"
            />
             Delete
          </button>
        </td>
      </tr>
    </tbody>
  </table>
</div>
`;

exports[`Is editing report 1`] = `
<Connect(ReportModuleEditor)
  id="comReportDefinitionEditor"
/>
`;
